101101000100000011111010100111100100000011001111100111000101101000001110010101100110010111100001011110011111111111000000011100111001000011111011
144 total, 75 set, 69 zero
001010101110000001001011101001000101100101111011010101100101111000110101100001010111101101101110011000101110000111110000110100010010000111001000
144 total, 70 set, 74 zero
010111110100011111000101110110000111011000010101001111111000000101101001101011111110101100000111010010111000000011110000001110010111000110010101
144 total, 74 set, 70 zero
010110010011101000011110011111011000111100100111110010100111000000011000100011011011101100010001010100111101100001011000101010000111010001110011
144 total, 71 set, 73 zero
