hash(i,love,exams) = 01001101 10111001 00111000 00001000
