hash(a,b,c) = 01101110 11110001 11110010 10100001
