hash(a,boring,boring,tuple) = 01110110 00011110 10000000 00000001
