hash(a,b,c,d,e,f,g,h,i,j,k) = 01101111 11000010 10110100 10000010
