0000000000100000
11111111111111111111111111111111111111111111111111111111111111111111111111111111111111111111111111111111
