00000001000000000000000000000000000000000000000010000000000000000000000000000010000100000000000000000000
11111111111111111111111111111111111111111111111111111111111111111111111111111111111111111111111111111111
11111111111111111111111111111111111110111111111111111111111011111111111111111111111111111111111111111110
00000000000000000000000000000000000000000000000000000000000000000000000000000000000000000000000000000000
