0000000101010101
0000000110011001
0000000111011101
