0000000101010101
True
False
True
False
True
False
True
False
True
False
