11111111111111111111111111111111101010111111111111111111
True
False
True
False
True
False
True
