Known:   10010010010
Unknown: 00100100100
1170
1174
1202
1206
1426
1430
1458
1462
