Known:   0000000
Unknown: 0101010
0
2
8
10
32
34
40
42
