Known:   111000
Unknown: 000111
56
57
58
59
60
61
62
63
